[08/24 13:46:53] s1 冻结加载 (exp2_s1_att_grouped best.pth)
[08/24 13:46:54] exp2 从原版 checkpoint 初始化 (best.pth, seq_len=31)
[08/24 13:55:13] Epoch  0 | loss=0.0225 | lr=9.97e-05
[08/24 13:57:37]   Test MPJPE=10.3795
[08/24 13:57:37]   -> Best: 10.3795
[08/24 14:04:11] Epoch  1 | loss=0.0170 | lr=9.89e-05
[08/24 14:11:05] Epoch  2 | loss=0.0156 | lr=9.76e-05
[08/24 14:17:39] Epoch  3 | loss=0.0147 | lr=9.57e-05
[08/24 14:24:11] Epoch  4 | loss=0.0141 | lr=9.33e-05
[08/24 14:30:44] Epoch  5 | loss=0.0136 | lr=9.05e-05
[08/24 14:33:07]   Test MPJPE=9.4155
[08/24 14:33:07]   -> Best: 9.4155
[08/24 14:39:35] Epoch  6 | loss=0.0132 | lr=8.72e-05
[08/24 14:46:20] Epoch  7 | loss=0.0129 | lr=8.35e-05
[08/24 14:53:03] Epoch  8 | loss=0.0126 | lr=7.94e-05
[08/24 15:00:03] Epoch  9 | loss=0.0123 | lr=7.50e-05
[08/24 15:06:58] Epoch 10 | loss=0.0121 | lr=7.03e-05
[08/24 15:09:16]   Test MPJPE=9.2946
[08/24 15:09:16]   -> Best: 9.2946
[08/24 15:15:59] Epoch 11 | loss=0.0119 | lr=6.55e-05
[08/24 15:22:46] Epoch 12 | loss=0.0117 | lr=6.04e-05
[08/24 15:29:29] Epoch 13 | loss=0.0115 | lr=5.52e-05
[08/24 15:36:02] Epoch 14 | loss=0.0114 | lr=5.00e-05
[08/24 15:42:34] Epoch 15 | loss=0.0112 | lr=4.48e-05
[08/24 15:44:59]   Test MPJPE=9.4472
[08/24 15:51:41] Epoch 16 | loss=0.0111 | lr=3.96e-05
[08/24 15:58:18] Epoch 17 | loss=0.0109 | lr=3.45e-05
[08/24 16:05:11] Epoch 18 | loss=0.0108 | lr=2.97e-05
[08/24 16:12:06] Epoch 19 | loss=0.0107 | lr=2.50e-05
[08/24 16:18:41] Epoch 20 | loss=0.0106 | lr=2.06e-05
[08/24 16:21:03]   Test MPJPE=9.1316
[08/24 16:21:03]   -> Best: 9.1316
[08/24 16:27:43] Epoch 21 | loss=0.0105 | lr=1.65e-05
[08/24 16:34:30] Epoch 22 | loss=0.0104 | lr=1.28e-05
[08/24 16:41:14] Epoch 23 | loss=0.0103 | lr=9.55e-06
[08/24 16:47:58] Epoch 24 | loss=0.0102 | lr=6.70e-06
[08/24 16:55:03] Epoch 25 | loss=0.0102 | lr=4.32e-06
[08/24 16:57:21]   Test MPJPE=9.0804
[08/24 16:57:21]   -> Best: 9.0804
[08/24 17:04:07] Epoch 26 | loss=0.0101 | lr=2.45e-06
[08/24 17:11:06] Epoch 27 | loss=0.0101 | lr=1.09e-06
[08/24 17:18:01] Epoch 28 | loss=0.0101 | lr=2.74e-07
